Performing C++ SOURCE FILE Test HAVE_CXX_ATOMICS_WITHOUT_LIB failed with the following output:
Change Dir: /home/swgadmin/Desktop/SWGFlurry/MMOCoreORB/CMakeFiles/CMakeScratch/TryCompile-PkHXYH

Run Build Command(s):/usr/bin/gmake -f Makefile cmTC_186e2/fast && /usr/bin/gmake  -f CMakeFiles/cmTC_186e2.dir/build.make CMakeFiles/cmTC_186e2.dir/build
gmake[1]: Entering directory '/home/swgadmin/Desktop/SWGFlurry/MMOCoreORB/CMakeFiles/CMakeScratch/TryCompile-PkHXYH'
Building CXX object CMakeFiles/cmTC_186e2.dir/src.cxx.o
/usr/bin/c++ -DHAVE_CXX_ATOMICS_WITHOUT_LIB  -fpermissive -fcommon -w -std=c++11 -o CMakeFiles/cmTC_186e2.dir/src.cxx.o -c /home/swgadmin/Desktop/SWGFlurry/MMOCoreORB/CMakeFiles/CMakeScratch/TryCompile-PkHXYH/src.cxx
Linking CXX executable cmTC_186e2
/usr/bin/cmake -E cmake_link_script CMakeFiles/cmTC_186e2.dir/link.txt --verbose=1
/usr/bin/c++ -fpermissive -fcommon -w -std=c++11 CMakeFiles/cmTC_186e2.dir/src.cxx.o -o cmTC_186e2 
/usr/bin/ld: CMakeFiles/cmTC_186e2.dir/src.cxx.o: in function `std::atomic<test_type>::compare_exchange_strong(test_type&, test_type, std::memory_order, std::memory_order)':
src.cxx:(.text._ZNSt6atomicI9test_typeE23compare_exchange_strongERS0_S0_St12memory_orderS3_[_ZNSt6atomicI9test_typeE23compare_exchange_strongERS0_S0_St12memory_orderS3_]+0xa5): undefined reference to `__atomic_compare_exchange'
collect2: error: ld returned 1 exit status
gmake[1]: *** [CMakeFiles/cmTC_186e2.dir/build.make:99: cmTC_186e2] Error 1
gmake[1]: Leaving directory '/home/swgadmin/Desktop/SWGFlurry/MMOCoreORB/CMakeFiles/CMakeScratch/TryCompile-PkHXYH'
gmake: *** [Makefile:127: cmTC_186e2/fast] Error 2


Source file was:

	#include <atomic>
	struct test_type { float x[3]; };
	std::atomic<test_type> atom;
	test_type old;
	test_type newval;
	int main() {
	newval.x[2] = 3;
	return atom.compare_exchange_strong(old, newval);
	}
	

Performing C++ SOURCE FILE Test CxxFlag-fcolor-diagnostics failed with the following output:
Change Dir: /home/swgadmin/Desktop/SWGFlurry/MMOCoreORB/CMakeFiles/CMakeScratch/TryCompile-I4gS2a

Run Build Command(s):/usr/bin/gmake -f Makefile cmTC_41889/fast && /usr/bin/gmake  -f CMakeFiles/cmTC_41889.dir/build.make CMakeFiles/cmTC_41889.dir/build
gmake[1]: Entering directory '/home/swgadmin/Desktop/SWGFlurry/MMOCoreORB/CMakeFiles/CMakeScratch/TryCompile-I4gS2a'
Building CXX object CMakeFiles/cmTC_41889.dir/src.cxx.o
/usr/bin/c++   -fpermissive -fcommon -w -Wall -Wextra -Wno-unused -Wno-sign-compare -Wno-multichar -Wno-unused-parameter -Wno-overloaded-virtual -Wno-missing-declarations -Wno-return-std-move -Wno-implicit-fallthrough -Wno-class-memaccess    -DCxxFlag-fcolor-diagnostics -fcolor-diagnostics -o CMakeFiles/cmTC_41889.dir/src.cxx.o -c /home/swgadmin/Desktop/SWGFlurry/MMOCoreORB/CMakeFiles/CMakeScratch/TryCompile-I4gS2a/src.cxx
c++: error: unrecognized command-line option '-fcolor-diagnostics'
gmake[1]: *** [CMakeFiles/cmTC_41889.dir/build.make:78: CMakeFiles/cmTC_41889.dir/src.cxx.o] Error 1
gmake[1]: Leaving directory '/home/swgadmin/Desktop/SWGFlurry/MMOCoreORB/CMakeFiles/CMakeScratch/TryCompile-I4gS2a'
gmake: *** [Makefile:127: cmTC_41889/fast] Error 2


Source file was:
int main() { return 0; }

