The system is: Linux - 6.1.0-43-amd64 - x86_64
Compiling the CXX compiler identification source file "CMakeCXXCompilerId.cpp" succeeded.
Compiler: /usr/bin/c++ 
Build flags: -fpermissive;-fcommon;-w
Id flags:  

The output was:
0


Compilation of the CXX compiler identification source "CMakeCXXCompilerId.cpp" produced "a.out"

The CXX compiler identification is GNU, found in "/home/swgadmin/Desktop/SWGFlurry/MMOCoreORB/CMakeFiles/3.25.1/CompilerIdCXX/a.out"

Compiling the C compiler identification source file "CMakeCCompilerId.c" succeeded.
Compiler: /usr/bin/cc 
Build flags: 
Id flags:  

The output was:
0


Compilation of the C compiler identification source "CMakeCCompilerId.c" produced "a.out"

The C compiler identification is GNU, found in "/home/swgadmin/Desktop/SWGFlurry/MMOCoreORB/CMakeFiles/3.25.1/CompilerIdC/a.out"

Detecting CXX compiler ABI info compiled with the following output:
Change Dir: /home/swgadmin/Desktop/SWGFlurry/MMOCoreORB/CMakeFiles/CMakeScratch/TryCompile-xDU3PV

Run Build Command(s):/usr/bin/gmake -f Makefile cmTC_a9444/fast && /usr/bin/gmake  -f CMakeFiles/cmTC_a9444.dir/build.make CMakeFiles/cmTC_a9444.dir/build
gmake[1]: Entering directory '/home/swgadmin/Desktop/SWGFlurry/MMOCoreORB/CMakeFiles/CMakeScratch/TryCompile-xDU3PV'
Building CXX object CMakeFiles/cmTC_a9444.dir/CMakeCXXCompilerABI.cpp.o
/usr/bin/c++   -fpermissive -fcommon -w    -v -o CMakeFiles/cmTC_a9444.dir/CMakeCXXCompilerABI.cpp.o -c /usr/share/cmake-3.25/Modules/CMakeCXXCompilerABI.cpp
Using built-in specs.
COLLECT_GCC=/usr/bin/c++
OFFLOAD_TARGET_NAMES=nvptx-none:amdgcn-amdhsa
OFFLOAD_TARGET_DEFAULT=1
Target: x86_64-linux-gnu
Configured with: ../src/configure -v --with-pkgversion='Debian 12.2.0-14+deb12u1' --with-bugurl=file:///usr/share/doc/gcc-12/README.Bugs --enable-languages=c,ada,c++,go,d,fortran,objc,obj-c++,m2 --prefix=/usr --with-gcc-major-version-only --program-suffix=-12 --program-prefix=x86_64-linux-gnu- --enable-shared --enable-linker-build-id --libexecdir=/usr/lib --without-included-gettext --enable-threads=posix --libdir=/usr/lib --enable-nls --enable-clocale=gnu --enable-libstdcxx-debug --enable-libstdcxx-time=yes --with-default-libstdcxx-abi=new --enable-gnu-unique-object --disable-vtable-verify --enable-plugin --enable-default-pie --with-system-zlib --enable-libphobos-checking=release --with-target-system-zlib=auto --enable-objc-gc=auto --enable-multiarch --disable-werror --enable-cet --with-arch-32=i686 --with-abi=m64 --with-multilib-list=m32,m64,mx32 --enable-multilib --with-tune=generic --enable-offload-targets=nvptx-none=/build/reproducible-path/gcc-12-12.2.0/debian/tmp-nvptx/usr,amdgcn-amdhsa=/build/reproducible-path/gcc-12-12.2.0/debian/tmp-gcn/usr --enable-offload-defaulted --without-cuda-driver --enable-checking=release --build=x86_64-linux-gnu --host=x86_64-linux-gnu --target=x86_64-linux-gnu
Thread model: posix
Supported LTO compression algorithms: zlib zstd
gcc version 12.2.0 (Debian 12.2.0-14+deb12u1) 
COLLECT_GCC_OPTIONS='-fpermissive' '-fcommon' '-w' '-v' '-o' 'CMakeFiles/cmTC_a9444.dir/CMakeCXXCompilerABI.cpp.o' '-c' '-shared-libgcc' '-mtune=generic' '-march=x86-64' '-dumpdir' 'CMakeFiles/cmTC_a9444.dir/'
 /usr/lib/gcc/x86_64-linux-gnu/12/cc1plus -quiet -v -imultiarch x86_64-linux-gnu -D_GNU_SOURCE /usr/share/cmake-3.25/Modules/CMakeCXXCompilerABI.cpp -quiet -dumpdir CMakeFiles/cmTC_a9444.dir/ -dumpbase CMakeCXXCompilerABI.cpp.cpp -dumpbase-ext .cpp -mtune=generic -march=x86-64 -w -version -fpermissive -fcommon -fasynchronous-unwind-tables -o /tmp/ccjb6jjH.s
GNU C++17 (Debian 12.2.0-14+deb12u1) version 12.2.0 (x86_64-linux-gnu)
	compiled by GNU C version 12.2.0, GMP version 6.2.1, MPFR version 4.2.0, MPC version 1.3.1, isl version isl-0.25-GMP

GGC heuristics: --param ggc-min-expand=100 --param ggc-min-heapsize=131072
ignoring duplicate directory "/usr/include/x86_64-linux-gnu/c++/12"
ignoring nonexistent directory "/usr/local/include/x86_64-linux-gnu"
ignoring nonexistent directory "/usr/lib/gcc/x86_64-linux-gnu/12/include-fixed"
ignoring nonexistent directory "/usr/lib/gcc/x86_64-linux-gnu/12/../../../../x86_64-linux-gnu/include"
#include "..." search starts here:
#include <...> search starts here:
 /usr/include/c++/12
 /usr/include/x86_64-linux-gnu/c++/12
 /usr/include/c++/12/backward
 /usr/lib/gcc/x86_64-linux-gnu/12/include
 /usr/local/include
 /usr/include/x86_64-linux-gnu
 /usr/include
End of search list.
GNU C++17 (Debian 12.2.0-14+deb12u1) version 12.2.0 (x86_64-linux-gnu)
	compiled by GNU C version 12.2.0, GMP version 6.2.1, MPFR version 4.2.0, MPC version 1.3.1, isl version isl-0.25-GMP

GGC heuristics: --param ggc-min-expand=100 --param ggc-min-heapsize=131072
Compiler executable checksum: 18a4c0b3348b838f5ec9d956298050ac
COLLECT_GCC_OPTIONS='-fpermissive' '-fcommon' '-w' '-v' '-o' 'CMakeFiles/cmTC_a9444.dir/CMakeCXXCompilerABI.cpp.o' '-c' '-shared-libgcc' '-mtune=generic' '-march=x86-64' '-dumpdir' 'CMakeFiles/cmTC_a9444.dir/'
 as -v -W --64 -o CMakeFiles/cmTC_a9444.dir/CMakeCXXCompilerABI.cpp.o /tmp/ccjb6jjH.s
GNU assembler version 2.40 (x86_64-linux-gnu) using BFD version (GNU Binutils for Debian) 2.40
COMPILER_PATH=/usr/lib/gcc/x86_64-linux-gnu/12/:/usr/lib/gcc/x86_64-linux-gnu/12/:/usr/lib/gcc/x86_64-linux-gnu/:/usr/lib/gcc/x86_64-linux-gnu/12/:/usr/lib/gcc/x86_64-linux-gnu/
LIBRARY_PATH=/usr/lib/gcc/x86_64-linux-gnu/12/:/usr/lib/gcc/x86_64-linux-gnu/12/../../../x86_64-linux-gnu/:/usr/lib/gcc/x86_64-linux-gnu/12/../../../../lib/:/lib/x86_64-linux-gnu/:/lib/../lib/:/usr/lib/x86_64-linux-gnu/:/usr/lib/../lib/:/usr/lib/gcc/x86_64-linux-gnu/12/../../../:/lib/:/usr/lib/
COLLECT_GCC_OPTIONS='-fpermissive' '-fcommon' '-w' '-v' '-o' 'CMakeFiles/cmTC_a9444.dir/CMakeCXXCompilerABI.cpp.o' '-c' '-shared-libgcc' '-mtune=generic' '-march=x86-64' '-dumpdir' 'CMakeFiles/cmTC_a9444.dir/CMakeCXXCompilerABI.cpp.'
Linking CXX executable cmTC_a9444
/usr/bin/cmake -E cmake_link_script CMakeFiles/cmTC_a9444.dir/link.txt --verbose=1
/usr/bin/c++ -fpermissive -fcommon -w   -v CMakeFiles/cmTC_a9444.dir/CMakeCXXCompilerABI.cpp.o -o cmTC_a9444 
Using built-in specs.
COLLECT_GCC=/usr/bin/c++
COLLECT_LTO_WRAPPER=/usr/lib/gcc/x86_64-linux-gnu/12/lto-wrapper
OFFLOAD_TARGET_NAMES=nvptx-none:amdgcn-amdhsa
OFFLOAD_TARGET_DEFAULT=1
Target: x86_64-linux-gnu
Configured with: ../src/configure -v --with-pkgversion='Debian 12.2.0-14+deb12u1' --with-bugurl=file:///usr/share/doc/gcc-12/README.Bugs --enable-languages=c,ada,c++,go,d,fortran,objc,obj-c++,m2 --prefix=/usr --with-gcc-major-version-only --program-suffix=-12 --program-prefix=x86_64-linux-gnu- --enable-shared --enable-linker-build-id --libexecdir=/usr/lib --without-included-gettext --enable-threads=posix --libdir=/usr/lib --enable-nls --enable-clocale=gnu --enable-libstdcxx-debug --enable-libstdcxx-time=yes --with-default-libstdcxx-abi=new --enable-gnu-unique-object --disable-vtable-verify --enable-plugin --enable-default-pie --with-system-zlib --enable-libphobos-checking=release --with-target-system-zlib=auto --enable-objc-gc=auto --enable-multiarch --disable-werror --enable-cet --with-arch-32=i686 --with-abi=m64 --with-multilib-list=m32,m64,mx32 --enable-multilib --with-tune=generic --enable-offload-targets=nvptx-none=/build/reproducible-path/gcc-12-12.2.0/debian/tmp-nvptx/usr,amdgcn-amdhsa=/build/reproducible-path/gcc-12-12.2.0/debian/tmp-gcn/usr --enable-offload-defaulted --without-cuda-driver --enable-checking=release --build=x86_64-linux-gnu --host=x86_64-linux-gnu --target=x86_64-linux-gnu
Thread model: posix
Supported LTO compression algorithms: zlib zstd
gcc version 12.2.0 (Debian 12.2.0-14+deb12u1) 
COMPILER_PATH=/usr/lib/gcc/x86_64-linux-gnu/12/:/usr/lib/gcc/x86_64-linux-gnu/12/:/usr/lib/gcc/x86_64-linux-gnu/:/usr/lib/gcc/x86_64-linux-gnu/12/:/usr/lib/gcc/x86_64-linux-gnu/
LIBRARY_PATH=/usr/lib/gcc/x86_64-linux-gnu/12/:/usr/lib/gcc/x86_64-linux-gnu/12/../../../x86_64-linux-gnu/:/usr/lib/gcc/x86_64-linux-gnu/12/../../../../lib/:/lib/x86_64-linux-gnu/:/lib/../lib/:/usr/lib/x86_64-linux-gnu/:/usr/lib/../lib/:/usr/lib/gcc/x86_64-linux-gnu/12/../../../:/lib/:/usr/lib/
COLLECT_GCC_OPTIONS='-fpermissive' '-fcommon' '-w' '-v' '-o' 'cmTC_a9444' '-shared-libgcc' '-mtune=generic' '-march=x86-64' '-dumpdir' 'cmTC_a9444.'
 /usr/lib/gcc/x86_64-linux-gnu/12/collect2 -plugin /usr/lib/gcc/x86_64-linux-gnu/12/liblto_plugin.so -plugin-opt=/usr/lib/gcc/x86_64-linux-gnu/12/lto-wrapper -plugin-opt=-fresolution=/tmp/cc99Y8KF.res -plugin-opt=-pass-through=-lgcc_s -plugin-opt=-pass-through=-lgcc -plugin-opt=-pass-through=-lc -plugin-opt=-pass-through=-lgcc_s -plugin-opt=-pass-through=-lgcc --build-id --eh-frame-hdr -m elf_x86_64 --hash-style=gnu --as-needed -dynamic-linker /lib64/ld-linux-x86-64.so.2 -pie -o cmTC_a9444 /usr/lib/gcc/x86_64-linux-gnu/12/../../../x86_64-linux-gnu/Scrt1.o /usr/lib/gcc/x86_64-linux-gnu/12/../../../x86_64-linux-gnu/crti.o /usr/lib/gcc/x86_64-linux-gnu/12/crtbeginS.o -L/usr/lib/gcc/x86_64-linux-gnu/12 -L/usr/lib/gcc/x86_64-linux-gnu/12/../../../x86_64-linux-gnu -L/usr/lib/gcc/x86_64-linux-gnu/12/../../../../lib -L/lib/x86_64-linux-gnu -L/lib/../lib -L/usr/lib/x86_64-linux-gnu -L/usr/lib/../lib -L/usr/lib/gcc/x86_64-linux-gnu/12/../../.. CMakeFiles/cmTC_a9444.dir/CMakeCXXCompilerABI.cpp.o -lstdc++ -lm -lgcc_s -lgcc -lc -lgcc_s -lgcc /usr/lib/gcc/x86_64-linux-gnu/12/crtendS.o /usr/lib/gcc/x86_64-linux-gnu/12/../../../x86_64-linux-gnu/crtn.o
COLLECT_GCC_OPTIONS='-fpermissive' '-fcommon' '-w' '-v' '-o' 'cmTC_a9444' '-shared-libgcc' '-mtune=generic' '-march=x86-64' '-dumpdir' 'cmTC_a9444.'
gmake[1]: Leaving directory '/home/swgadmin/Desktop/SWGFlurry/MMOCoreORB/CMakeFiles/CMakeScratch/TryCompile-xDU3PV'



Parsed CXX implicit include dir info from above output: rv=done
  found start of include info
  found start of implicit include info
    add: [/usr/include/c++/12]
    add: [/usr/include/x86_64-linux-gnu/c++/12]
    add: [/usr/include/c++/12/backward]
    add: [/usr/lib/gcc/x86_64-linux-gnu/12/include]
    add: [/usr/local/include]
    add: [/usr/include/x86_64-linux-gnu]
    add: [/usr/include]
  end of search list found
  collapse include dir [/usr/include/c++/12] ==> [/usr/include/c++/12]
  collapse include dir [/usr/include/x86_64-linux-gnu/c++/12] ==> [/usr/include/x86_64-linux-gnu/c++/12]
  collapse include dir [/usr/include/c++/12/backward] ==> [/usr/include/c++/12/backward]
  collapse include dir [/usr/lib/gcc/x86_64-linux-gnu/12/include] ==> [/usr/lib/gcc/x86_64-linux-gnu/12/include]
  collapse include dir [/usr/local/include] ==> [/usr/local/include]
  collapse include dir [/usr/include/x86_64-linux-gnu] ==> [/usr/include/x86_64-linux-gnu]
  collapse include dir [/usr/include] ==> [/usr/include]
  implicit include dirs: [/usr/include/c++/12;/usr/include/x86_64-linux-gnu/c++/12;/usr/include/c++/12/backward;/usr/lib/gcc/x86_64-linux-gnu/12/include;/usr/local/include;/usr/include/x86_64-linux-gnu;/usr/include]


Parsed CXX implicit link information from above output:
  link line regex: [^( *|.*[/\])(ld|CMAKE_LINK_STARTFILE-NOTFOUND|([^/\]+-)?ld|collect2)[^/\]*( |$)]
  ignore line: [Change Dir: /home/swgadmin/Desktop/SWGFlurry/MMOCoreORB/CMakeFiles/CMakeScratch/TryCompile-xDU3PV]
  ignore line: []
  ignore line: [Run Build Command(s):/usr/bin/gmake -f Makefile cmTC_a9444/fast && /usr/bin/gmake  -f CMakeFiles/cmTC_a9444.dir/build.make CMakeFiles/cmTC_a9444.dir/build]
  ignore line: [gmake[1]: Entering directory '/home/swgadmin/Desktop/SWGFlurry/MMOCoreORB/CMakeFiles/CMakeScratch/TryCompile-xDU3PV']
  ignore line: [Building CXX object CMakeFiles/cmTC_a9444.dir/CMakeCXXCompilerABI.cpp.o]
  ignore line: [/usr/bin/c++   -fpermissive -fcommon -w    -v -o CMakeFiles/cmTC_a9444.dir/CMakeCXXCompilerABI.cpp.o -c /usr/share/cmake-3.25/Modules/CMakeCXXCompilerABI.cpp]
  ignore line: [Using built-in specs.]
  ignore line: [COLLECT_GCC=/usr/bin/c++]
  ignore line: [OFFLOAD_TARGET_NAMES=nvptx-none:amdgcn-amdhsa]
  ignore line: [OFFLOAD_TARGET_DEFAULT=1]
  ignore line: [Target: x86_64-linux-gnu]
  ignore line: [Configured with: ../src/configure -v --with-pkgversion='Debian 12.2.0-14+deb12u1' --with-bugurl=file:///usr/share/doc/gcc-12/README.Bugs --enable-languages=c ada c++ go d fortran objc obj-c++ m2 --prefix=/usr --with-gcc-major-version-only --program-suffix=-12 --program-prefix=x86_64-linux-gnu- --enable-shared --enable-linker-build-id --libexecdir=/usr/lib --without-included-gettext --enable-threads=posix --libdir=/usr/lib --enable-nls --enable-clocale=gnu --enable-libstdcxx-debug --enable-libstdcxx-time=yes --with-default-libstdcxx-abi=new --enable-gnu-unique-object --disable-vtable-verify --enable-plugin --enable-default-pie --with-system-zlib --enable-libphobos-checking=release --with-target-system-zlib=auto --enable-objc-gc=auto --enable-multiarch --disable-werror --enable-cet --with-arch-32=i686 --with-abi=m64 --with-multilib-list=m32 m64 mx32 --enable-multilib --with-tune=generic --enable-offload-targets=nvptx-none=/build/reproducible-path/gcc-12-12.2.0/debian/tmp-nvptx/usr amdgcn-amdhsa=/build/reproducible-path/gcc-12-12.2.0/debian/tmp-gcn/usr --enable-offload-defaulted --without-cuda-driver --enable-checking=release --build=x86_64-linux-gnu --host=x86_64-linux-gnu --target=x86_64-linux-gnu]
  ignore line: [Thread model: posix]
  ignore line: [Supported LTO compression algorithms: zlib zstd]
  ignore line: [gcc version 12.2.0 (Debian 12.2.0-14+deb12u1) ]
  ignore line: [COLLECT_GCC_OPTIONS='-fpermissive' '-fcommon' '-w' '-v' '-o' 'CMakeFiles/cmTC_a9444.dir/CMakeCXXCompilerABI.cpp.o' '-c' '-shared-libgcc' '-mtune=generic' '-march=x86-64' '-dumpdir' 'CMakeFiles/cmTC_a9444.dir/']
  ignore line: [ /usr/lib/gcc/x86_64-linux-gnu/12/cc1plus -quiet -v -imultiarch x86_64-linux-gnu -D_GNU_SOURCE /usr/share/cmake-3.25/Modules/CMakeCXXCompilerABI.cpp -quiet -dumpdir CMakeFiles/cmTC_a9444.dir/ -dumpbase CMakeCXXCompilerABI.cpp.cpp -dumpbase-ext .cpp -mtune=generic -march=x86-64 -w -version -fpermissive -fcommon -fasynchronous-unwind-tables -o /tmp/ccjb6jjH.s]
  ignore line: [GNU C++17 (Debian 12.2.0-14+deb12u1) version 12.2.0 (x86_64-linux-gnu)]
  ignore line: [	compiled by GNU C version 12.2.0  GMP version 6.2.1  MPFR version 4.2.0  MPC version 1.3.1  isl version isl-0.25-GMP]
  ignore line: []
  ignore line: [GGC heuristics: --param ggc-min-expand=100 --param ggc-min-heapsize=131072]
  ignore line: [ignoring duplicate directory "/usr/include/x86_64-linux-gnu/c++/12"]
  ignore line: [ignoring nonexistent directory "/usr/local/include/x86_64-linux-gnu"]
  ignore line: [ignoring nonexistent directory "/usr/lib/gcc/x86_64-linux-gnu/12/include-fixed"]
  ignore line: [ignoring nonexistent directory "/usr/lib/gcc/x86_64-linux-gnu/12/../../../../x86_64-linux-gnu/include"]
  ignore line: [#include "..." search starts here:]
  ignore line: [#include <...> search starts here:]
  ignore line: [ /usr/include/c++/12]
  ignore line: [ /usr/include/x86_64-linux-gnu/c++/12]
  ignore line: [ /usr/include/c++/12/backward]
  ignore line: [ /usr/lib/gcc/x86_64-linux-gnu/12/include]
  ignore line: [ /usr/local/include]
  ignore line: [ /usr/include/x86_64-linux-gnu]
  ignore line: [ /usr/include]
  ignore line: [End of search list.]
  ignore line: [GNU C++17 (Debian 12.2.0-14+deb12u1) version 12.2.0 (x86_64-linux-gnu)]
  ignore line: [	compiled by GNU C version 12.2.0  GMP version 6.2.1  MPFR version 4.2.0  MPC version 1.3.1  isl version isl-0.25-GMP]
  ignore line: []
  ignore line: [GGC heuristics: --param ggc-min-expand=100 --param ggc-min-heapsize=131072]
  ignore line: [Compiler executable checksum: 18a4c0b3348b838f5ec9d956298050ac]
  ignore line: [COLLECT_GCC_OPTIONS='-fpermissive' '-fcommon' '-w' '-v' '-o' 'CMakeFiles/cmTC_a9444.dir/CMakeCXXCompilerABI.cpp.o' '-c' '-shared-libgcc' '-mtune=generic' '-march=x86-64' '-dumpdir' 'CMakeFiles/cmTC_a9444.dir/']
  ignore line: [ as -v -W --64 -o CMakeFiles/cmTC_a9444.dir/CMakeCXXCompilerABI.cpp.o /tmp/ccjb6jjH.s]
  ignore line: [GNU assembler version 2.40 (x86_64-linux-gnu) using BFD version (GNU Binutils for Debian) 2.40]
  ignore line: [COMPILER_PATH=/usr/lib/gcc/x86_64-linux-gnu/12/:/usr/lib/gcc/x86_64-linux-gnu/12/:/usr/lib/gcc/x86_64-linux-gnu/:/usr/lib/gcc/x86_64-linux-gnu/12/:/usr/lib/gcc/x86_64-linux-gnu/]
  ignore line: [LIBRARY_PATH=/usr/lib/gcc/x86_64-linux-gnu/12/:/usr/lib/gcc/x86_64-linux-gnu/12/../../../x86_64-linux-gnu/:/usr/lib/gcc/x86_64-linux-gnu/12/../../../../lib/:/lib/x86_64-linux-gnu/:/lib/../lib/:/usr/lib/x86_64-linux-gnu/:/usr/lib/../lib/:/usr/lib/gcc/x86_64-linux-gnu/12/../../../:/lib/:/usr/lib/]
  ignore line: [COLLECT_GCC_OPTIONS='-fpermissive' '-fcommon' '-w' '-v' '-o' 'CMakeFiles/cmTC_a9444.dir/CMakeCXXCompilerABI.cpp.o' '-c' '-shared-libgcc' '-mtune=generic' '-march=x86-64' '-dumpdir' 'CMakeFiles/cmTC_a9444.dir/CMakeCXXCompilerABI.cpp.']
  ignore line: [Linking CXX executable cmTC_a9444]
  ignore line: [/usr/bin/cmake -E cmake_link_script CMakeFiles/cmTC_a9444.dir/link.txt --verbose=1]
  ignore line: [/usr/bin/c++ -fpermissive -fcommon -w   -v CMakeFiles/cmTC_a9444.dir/CMakeCXXCompilerABI.cpp.o -o cmTC_a9444 ]
  ignore line: [Using built-in specs.]
  ignore line: [COLLECT_GCC=/usr/bin/c++]
  ignore line: [COLLECT_LTO_WRAPPER=/usr/lib/gcc/x86_64-linux-gnu/12/lto-wrapper]
  ignore line: [OFFLOAD_TARGET_NAMES=nvptx-none:amdgcn-amdhsa]
  ignore line: [OFFLOAD_TARGET_DEFAULT=1]
  ignore line: [Target: x86_64-linux-gnu]
  ignore line: [Configured with: ../src/configure -v --with-pkgversion='Debian 12.2.0-14+deb12u1' --with-bugurl=file:///usr/share/doc/gcc-12/README.Bugs --enable-languages=c ada c++ go d fortran objc obj-c++ m2 --prefix=/usr --with-gcc-major-version-only --program-suffix=-12 --program-prefix=x86_64-linux-gnu- --enable-shared --enable-linker-build-id --libexecdir=/usr/lib --without-included-gettext --enable-threads=posix --libdir=/usr/lib --enable-nls --enable-clocale=gnu --enable-libstdcxx-debug --enable-libstdcxx-time=yes --with-default-libstdcxx-abi=new --enable-gnu-unique-object --disable-vtable-verify --enable-plugin --enable-default-pie --with-system-zlib --enable-libphobos-checking=release --with-target-system-zlib=auto --enable-objc-gc=auto --enable-multiarch --disable-werror --enable-cet --with-arch-32=i686 --with-abi=m64 --with-multilib-list=m32 m64 mx32 --enable-multilib --with-tune=generic --enable-offload-targets=nvptx-none=/build/reproducible-path/gcc-12-12.2.0/debian/tmp-nvptx/usr amdgcn-amdhsa=/build/reproducible-path/gcc-12-12.2.0/debian/tmp-gcn/usr --enable-offload-defaulted --without-cuda-driver --enable-checking=release --build=x86_64-linux-gnu --host=x86_64-linux-gnu --target=x86_64-linux-gnu]
  ignore line: [Thread model: posix]
  ignore line: [Supported LTO compression algorithms: zlib zstd]
  ignore line: [gcc version 12.2.0 (Debian 12.2.0-14+deb12u1) ]
  ignore line: [COMPILER_PATH=/usr/lib/gcc/x86_64-linux-gnu/12/:/usr/lib/gcc/x86_64-linux-gnu/12/:/usr/lib/gcc/x86_64-linux-gnu/:/usr/lib/gcc/x86_64-linux-gnu/12/:/usr/lib/gcc/x86_64-linux-gnu/]
  ignore line: [LIBRARY_PATH=/usr/lib/gcc/x86_64-linux-gnu/12/:/usr/lib/gcc/x86_64-linux-gnu/12/../../../x86_64-linux-gnu/:/usr/lib/gcc/x86_64-linux-gnu/12/../../../../lib/:/lib/x86_64-linux-gnu/:/lib/../lib/:/usr/lib/x86_64-linux-gnu/:/usr/lib/../lib/:/usr/lib/gcc/x86_64-linux-gnu/12/../../../:/lib/:/usr/lib/]
  ignore line: [COLLECT_GCC_OPTIONS='-fpermissive' '-fcommon' '-w' '-v' '-o' 'cmTC_a9444' '-shared-libgcc' '-mtune=generic' '-march=x86-64' '-dumpdir' 'cmTC_a9444.']
  link line: [ /usr/lib/gcc/x86_64-linux-gnu/12/collect2 -plugin /usr/lib/gcc/x86_64-linux-gnu/12/liblto_plugin.so -plugin-opt=/usr/lib/gcc/x86_64-linux-gnu/12/lto-wrapper -plugin-opt=-fresolution=/tmp/cc99Y8KF.res -plugin-opt=-pass-through=-lgcc_s -plugin-opt=-pass-through=-lgcc -plugin-opt=-pass-through=-lc -plugin-opt=-pass-through=-lgcc_s -plugin-opt=-pass-through=-lgcc --build-id --eh-frame-hdr -m elf_x86_64 --hash-style=gnu --as-needed -dynamic-linker /lib64/ld-linux-x86-64.so.2 -pie -o cmTC_a9444 /usr/lib/gcc/x86_64-linux-gnu/12/../../../x86_64-linux-gnu/Scrt1.o /usr/lib/gcc/x86_64-linux-gnu/12/../../../x86_64-linux-gnu/crti.o /usr/lib/gcc/x86_64-linux-gnu/12/crtbeginS.o -L/usr/lib/gcc/x86_64-linux-gnu/12 -L/usr/lib/gcc/x86_64-linux-gnu/12/../../../x86_64-linux-gnu -L/usr/lib/gcc/x86_64-linux-gnu/12/../../../../lib -L/lib/x86_64-linux-gnu -L/lib/../lib -L/usr/lib/x86_64-linux-gnu -L/usr/lib/../lib -L/usr/lib/gcc/x86_64-linux-gnu/12/../../.. CMakeFiles/cmTC_a9444.dir/CMakeCXXCompilerABI.cpp.o -lstdc++ -lm -lgcc_s -lgcc -lc -lgcc_s -lgcc /usr/lib/gcc/x86_64-linux-gnu/12/crtendS.o /usr/lib/gcc/x86_64-linux-gnu/12/../../../x86_64-linux-gnu/crtn.o]
    arg [/usr/lib/gcc/x86_64-linux-gnu/12/collect2] ==> ignore
    arg [-plugin] ==> ignore
    arg [/usr/lib/gcc/x86_64-linux-gnu/12/liblto_plugin.so] ==> ignore
    arg [-plugin-opt=/usr/lib/gcc/x86_64-linux-gnu/12/lto-wrapper] ==> ignore
    arg [-plugin-opt=-fresolution=/tmp/cc99Y8KF.res] ==> ignore
    arg [-plugin-opt=-pass-through=-lgcc_s] ==> ignore
    arg [-plugin-opt=-pass-through=-lgcc] ==> ignore
    arg [-plugin-opt=-pass-through=-lc] ==> ignore
    arg [-plugin-opt=-pass-through=-lgcc_s] ==> ignore
    arg [-plugin-opt=-pass-through=-lgcc] ==> ignore
    arg [--build-id] ==> ignore
    arg [--eh-frame-hdr] ==> ignore
    arg [-m] ==> ignore
    arg [elf_x86_64] ==> ignore
    arg [--hash-style=gnu] ==> ignore
    arg [--as-needed] ==> ignore
    arg [-dynamic-linker] ==> ignore
    arg [/lib64/ld-linux-x86-64.so.2] ==> ignore
    arg [-pie] ==> ignore
    arg [-o] ==> ignore
    arg [cmTC_a9444] ==> ignore
    arg [/usr/lib/gcc/x86_64-linux-gnu/12/../../../x86_64-linux-gnu/Scrt1.o] ==> obj [/usr/lib/gcc/x86_64-linux-gnu/12/../../../x86_64-linux-gnu/Scrt1.o]
    arg [/usr/lib/gcc/x86_64-linux-gnu/12/../../../x86_64-linux-gnu/crti.o] ==> obj [/usr/lib/gcc/x86_64-linux-gnu/12/../../../x86_64-linux-gnu/crti.o]
    arg [/usr/lib/gcc/x86_64-linux-gnu/12/crtbeginS.o] ==> obj [/usr/lib/gcc/x86_64-linux-gnu/12/crtbeginS.o]
    arg [-L/usr/lib/gcc/x86_64-linux-gnu/12] ==> dir [/usr/lib/gcc/x86_64-linux-gnu/12]
    arg [-L/usr/lib/gcc/x86_64-linux-gnu/12/../../../x86_64-linux-gnu] ==> dir [/usr/lib/gcc/x86_64-linux-gnu/12/../../../x86_64-linux-gnu]
    arg [-L/usr/lib/gcc/x86_64-linux-gnu/12/../../../../lib] ==> dir [/usr/lib/gcc/x86_64-linux-gnu/12/../../../../lib]
    arg [-L/lib/x86_64-linux-gnu] ==> dir [/lib/x86_64-linux-gnu]
    arg [-L/lib/../lib] ==> dir [/lib/../lib]
    arg [-L/usr/lib/x86_64-linux-gnu] ==> dir [/usr/lib/x86_64-linux-gnu]
    arg [-L/usr/lib/../lib] ==> dir [/usr/lib/../lib]
    arg [-L/usr/lib/gcc/x86_64-linux-gnu/12/../../..] ==> dir [/usr/lib/gcc/x86_64-linux-gnu/12/../../..]
    arg [CMakeFiles/cmTC_a9444.dir/CMakeCXXCompilerABI.cpp.o] ==> ignore
    arg [-lstdc++] ==> lib [stdc++]
    arg [-lm] ==> lib [m]
    arg [-lgcc_s] ==> lib [gcc_s]
    arg [-lgcc] ==> lib [gcc]
    arg [-lc] ==> lib [c]
    arg [-lgcc_s] ==> lib [gcc_s]
    arg [-lgcc] ==> lib [gcc]
    arg [/usr/lib/gcc/x86_64-linux-gnu/12/crtendS.o] ==> obj [/usr/lib/gcc/x86_64-linux-gnu/12/crtendS.o]
    arg [/usr/lib/gcc/x86_64-linux-gnu/12/../../../x86_64-linux-gnu/crtn.o] ==> obj [/usr/lib/gcc/x86_64-linux-gnu/12/../../../x86_64-linux-gnu/crtn.o]
  collapse obj [/usr/lib/gcc/x86_64-linux-gnu/12/../../../x86_64-linux-gnu/Scrt1.o] ==> [/usr/lib/x86_64-linux-gnu/Scrt1.o]
  collapse obj [/usr/lib/gcc/x86_64-linux-gnu/12/../../../x86_64-linux-gnu/crti.o] ==> [/usr/lib/x86_64-linux-gnu/crti.o]
  collapse obj [/usr/lib/gcc/x86_64-linux-gnu/12/../../../x86_64-linux-gnu/crtn.o] ==> [/usr/lib/x86_64-linux-gnu/crtn.o]
  collapse library dir [/usr/lib/gcc/x86_64-linux-gnu/12] ==> [/usr/lib/gcc/x86_64-linux-gnu/12]
  collapse library dir [/usr/lib/gcc/x86_64-linux-gnu/12/../../../x86_64-linux-gnu] ==> [/usr/lib/x86_64-linux-gnu]
  collapse library dir [/usr/lib/gcc/x86_64-linux-gnu/12/../../../../lib] ==> [/usr/lib]
  collapse library dir [/lib/x86_64-linux-gnu] ==> [/lib/x86_64-linux-gnu]
  collapse library dir [/lib/../lib] ==> [/lib]
  collapse library dir [/usr/lib/x86_64-linux-gnu] ==> [/usr/lib/x86_64-linux-gnu]
  collapse library dir [/usr/lib/../lib] ==> [/usr/lib]
  collapse library dir [/usr/lib/gcc/x86_64-linux-gnu/12/../../..] ==> [/usr/lib]
  implicit libs: [stdc++;m;gcc_s;gcc;c;gcc_s;gcc]
  implicit objs: [/usr/lib/x86_64-linux-gnu/Scrt1.o;/usr/lib/x86_64-linux-gnu/crti.o;/usr/lib/gcc/x86_64-linux-gnu/12/crtbeginS.o;/usr/lib/gcc/x86_64-linux-gnu/12/crtendS.o;/usr/lib/x86_64-linux-gnu/crtn.o]
  implicit dirs: [/usr/lib/gcc/x86_64-linux-gnu/12;/usr/lib/x86_64-linux-gnu;/usr/lib;/lib/x86_64-linux-gnu;/lib]
  implicit fwks: []


Detecting C compiler ABI info compiled with the following output:
Change Dir: /home/swgadmin/Desktop/SWGFlurry/MMOCoreORB/CMakeFiles/CMakeScratch/TryCompile-ZtmXPU

Run Build Command(s):/usr/bin/gmake -f Makefile cmTC_ec3bb/fast && /usr/bin/gmake  -f CMakeFiles/cmTC_ec3bb.dir/build.make CMakeFiles/cmTC_ec3bb.dir/build
gmake[1]: Entering directory '/home/swgadmin/Desktop/SWGFlurry/MMOCoreORB/CMakeFiles/CMakeScratch/TryCompile-ZtmXPU'
Building C object CMakeFiles/cmTC_ec3bb.dir/CMakeCCompilerABI.c.o
/usr/bin/cc   -v -o CMakeFiles/cmTC_ec3bb.dir/CMakeCCompilerABI.c.o -c /usr/share/cmake-3.25/Modules/CMakeCCompilerABI.c
Using built-in specs.
COLLECT_GCC=/usr/bin/cc
OFFLOAD_TARGET_NAMES=nvptx-none:amdgcn-amdhsa
OFFLOAD_TARGET_DEFAULT=1
Target: x86_64-linux-gnu
Configured with: ../src/configure -v --with-pkgversion='Debian 12.2.0-14+deb12u1' --with-bugurl=file:///usr/share/doc/gcc-12/README.Bugs --enable-languages=c,ada,c++,go,d,fortran,objc,obj-c++,m2 --prefix=/usr --with-gcc-major-version-only --program-suffix=-12 --program-prefix=x86_64-linux-gnu- --enable-shared --enable-linker-build-id --libexecdir=/usr/lib --without-included-gettext --enable-threads=posix --libdir=/usr/lib --enable-nls --enable-clocale=gnu --enable-libstdcxx-debug --enable-libstdcxx-time=yes --with-default-libstdcxx-abi=new --enable-gnu-unique-object --disable-vtable-verify --enable-plugin --enable-default-pie --with-system-zlib --enable-libphobos-checking=release --with-target-system-zlib=auto --enable-objc-gc=auto --enable-multiarch --disable-werror --enable-cet --with-arch-32=i686 --with-abi=m64 --with-multilib-list=m32,m64,mx32 --enable-multilib --with-tune=generic --enable-offload-targets=nvptx-none=/build/reproducible-path/gcc-12-12.2.0/debian/tmp-nvptx/usr,amdgcn-amdhsa=/build/reproducible-path/gcc-12-12.2.0/debian/tmp-gcn/usr --enable-offload-defaulted --without-cuda-driver --enable-checking=release --build=x86_64-linux-gnu --host=x86_64-linux-gnu --target=x86_64-linux-gnu
Thread model: posix
Supported LTO compression algorithms: zlib zstd
gcc version 12.2.0 (Debian 12.2.0-14+deb12u1) 
COLLECT_GCC_OPTIONS='-v' '-o' 'CMakeFiles/cmTC_ec3bb.dir/CMakeCCompilerABI.c.o' '-c' '-mtune=generic' '-march=x86-64' '-dumpdir' 'CMakeFiles/cmTC_ec3bb.dir/'
 /usr/lib/gcc/x86_64-linux-gnu/12/cc1 -quiet -v -imultiarch x86_64-linux-gnu /usr/share/cmake-3.25/Modules/CMakeCCompilerABI.c -quiet -dumpdir CMakeFiles/cmTC_ec3bb.dir/ -dumpbase CMakeCCompilerABI.c.c -dumpbase-ext .c -mtune=generic -march=x86-64 -version -fasynchronous-unwind-tables -o /tmp/ccxUJQCV.s
GNU C17 (Debian 12.2.0-14+deb12u1) version 12.2.0 (x86_64-linux-gnu)
	compiled by GNU C version 12.2.0, GMP version 6.2.1, MPFR version 4.2.0, MPC version 1.3.1, isl version isl-0.25-GMP

GGC heuristics: --param ggc-min-expand=100 --param ggc-min-heapsize=131072
ignoring nonexistent directory "/usr/local/include/x86_64-linux-gnu"
ignoring nonexistent directory "/usr/lib/gcc/x86_64-linux-gnu/12/include-fixed"
ignoring nonexistent directory "/usr/lib/gcc/x86_64-linux-gnu/12/../../../../x86_64-linux-gnu/include"
#include "..." search starts here:
#include <...> search starts here:
 /usr/lib/gcc/x86_64-linux-gnu/12/include
 /usr/local/include
 /usr/include/x86_64-linux-gnu
 /usr/include
End of search list.
GNU C17 (Debian 12.2.0-14+deb12u1) version 12.2.0 (x86_64-linux-gnu)
	compiled by GNU C version 12.2.0, GMP version 6.2.1, MPFR version 4.2.0, MPC version 1.3.1, isl version isl-0.25-GMP

GGC heuristics: --param ggc-min-expand=100 --param ggc-min-heapsize=131072
Compiler executable checksum: df5cb71f7b1353aac39c2b59ae45fa4a
COLLECT_GCC_OPTIONS='-v' '-o' 'CMakeFiles/cmTC_ec3bb.dir/CMakeCCompilerABI.c.o' '-c' '-mtune=generic' '-march=x86-64' '-dumpdir' 'CMakeFiles/cmTC_ec3bb.dir/'
 as -v --64 -o CMakeFiles/cmTC_ec3bb.dir/CMakeCCompilerABI.c.o /tmp/ccxUJQCV.s
GNU assembler version 2.40 (x86_64-linux-gnu) using BFD version (GNU Binutils for Debian) 2.40
COMPILER_PATH=/usr/lib/gcc/x86_64-linux-gnu/12/:/usr/lib/gcc/x86_64-linux-gnu/12/:/usr/lib/gcc/x86_64-linux-gnu/:/usr/lib/gcc/x86_64-linux-gnu/12/:/usr/lib/gcc/x86_64-linux-gnu/
LIBRARY_PATH=/usr/lib/gcc/x86_64-linux-gnu/12/:/usr/lib/gcc/x86_64-linux-gnu/12/../../../x86_64-linux-gnu/:/usr/lib/gcc/x86_64-linux-gnu/12/../../../../lib/:/lib/x86_64-linux-gnu/:/lib/../lib/:/usr/lib/x86_64-linux-gnu/:/usr/lib/../lib/:/usr/lib/gcc/x86_64-linux-gnu/12/../../../:/lib/:/usr/lib/
COLLECT_GCC_OPTIONS='-v' '-o' 'CMakeFiles/cmTC_ec3bb.dir/CMakeCCompilerABI.c.o' '-c' '-mtune=generic' '-march=x86-64' '-dumpdir' 'CMakeFiles/cmTC_ec3bb.dir/CMakeCCompilerABI.c.'
Linking C executable cmTC_ec3bb
/usr/bin/cmake -E cmake_link_script CMakeFiles/cmTC_ec3bb.dir/link.txt --verbose=1
/usr/bin/cc  -v CMakeFiles/cmTC_ec3bb.dir/CMakeCCompilerABI.c.o -o cmTC_ec3bb 
Using built-in specs.
COLLECT_GCC=/usr/bin/cc
COLLECT_LTO_WRAPPER=/usr/lib/gcc/x86_64-linux-gnu/12/lto-wrapper
OFFLOAD_TARGET_NAMES=nvptx-none:amdgcn-amdhsa
OFFLOAD_TARGET_DEFAULT=1
Target: x86_64-linux-gnu
Configured with: ../src/configure -v --with-pkgversion='Debian 12.2.0-14+deb12u1' --with-bugurl=file:///usr/share/doc/gcc-12/README.Bugs --enable-languages=c,ada,c++,go,d,fortran,objc,obj-c++,m2 --prefix=/usr --with-gcc-major-version-only --program-suffix=-12 --program-prefix=x86_64-linux-gnu- --enable-shared --enable-linker-build-id --libexecdir=/usr/lib --without-included-gettext --enable-threads=posix --libdir=/usr/lib --enable-nls --enable-clocale=gnu --enable-libstdcxx-debug --enable-libstdcxx-time=yes --with-default-libstdcxx-abi=new --enable-gnu-unique-object --disable-vtable-verify --enable-plugin --enable-default-pie --with-system-zlib --enable-libphobos-checking=release --with-target-system-zlib=auto --enable-objc-gc=auto --enable-multiarch --disable-werror --enable-cet --with-arch-32=i686 --with-abi=m64 --with-multilib-list=m32,m64,mx32 --enable-multilib --with-tune=generic --enable-offload-targets=nvptx-none=/build/reproducible-path/gcc-12-12.2.0/debian/tmp-nvptx/usr,amdgcn-amdhsa=/build/reproducible-path/gcc-12-12.2.0/debian/tmp-gcn/usr --enable-offload-defaulted --without-cuda-driver --enable-checking=release --build=x86_64-linux-gnu --host=x86_64-linux-gnu --target=x86_64-linux-gnu
Thread model: posix
Supported LTO compression algorithms: zlib zstd
gcc version 12.2.0 (Debian 12.2.0-14+deb12u1) 
COMPILER_PATH=/usr/lib/gcc/x86_64-linux-gnu/12/:/usr/lib/gcc/x86_64-linux-gnu/12/:/usr/lib/gcc/x86_64-linux-gnu/:/usr/lib/gcc/x86_64-linux-gnu/12/:/usr/lib/gcc/x86_64-linux-gnu/
LIBRARY_PATH=/usr/lib/gcc/x86_64-linux-gnu/12/:/usr/lib/gcc/x86_64-linux-gnu/12/../../../x86_64-linux-gnu/:/usr/lib/gcc/x86_64-linux-gnu/12/../../../../lib/:/lib/x86_64-linux-gnu/:/lib/../lib/:/usr/lib/x86_64-linux-gnu/:/usr/lib/../lib/:/usr/lib/gcc/x86_64-linux-gnu/12/../../../:/lib/:/usr/lib/
COLLECT_GCC_OPTIONS='-v' '-o' 'cmTC_ec3bb' '-mtune=generic' '-march=x86-64' '-dumpdir' 'cmTC_ec3bb.'
 /usr/lib/gcc/x86_64-linux-gnu/12/collect2 -plugin /usr/lib/gcc/x86_64-linux-gnu/12/liblto_plugin.so -plugin-opt=/usr/lib/gcc/x86_64-linux-gnu/12/lto-wrapper -plugin-opt=-fresolution=/tmp/ccEZzQee.res -plugin-opt=-pass-through=-lgcc -plugin-opt=-pass-through=-lgcc_s -plugin-opt=-pass-through=-lc -plugin-opt=-pass-through=-lgcc -plugin-opt=-pass-through=-lgcc_s --build-id --eh-frame-hdr -m elf_x86_64 --hash-style=gnu --as-needed -dynamic-linker /lib64/ld-linux-x86-64.so.2 -pie -o cmTC_ec3bb /usr/lib/gcc/x86_64-linux-gnu/12/../../../x86_64-linux-gnu/Scrt1.o /usr/lib/gcc/x86_64-linux-gnu/12/../../../x86_64-linux-gnu/crti.o /usr/lib/gcc/x86_64-linux-gnu/12/crtbeginS.o -L/usr/lib/gcc/x86_64-linux-gnu/12 -L/usr/lib/gcc/x86_64-linux-gnu/12/../../../x86_64-linux-gnu -L/usr/lib/gcc/x86_64-linux-gnu/12/../../../../lib -L/lib/x86_64-linux-gnu -L/lib/../lib -L/usr/lib/x86_64-linux-gnu -L/usr/lib/../lib -L/usr/lib/gcc/x86_64-linux-gnu/12/../../.. CMakeFiles/cmTC_ec3bb.dir/CMakeCCompilerABI.c.o -lgcc --push-state --as-needed -lgcc_s --pop-state -lc -lgcc --push-state --as-needed -lgcc_s --pop-state /usr/lib/gcc/x86_64-linux-gnu/12/crtendS.o /usr/lib/gcc/x86_64-linux-gnu/12/../../../x86_64-linux-gnu/crtn.o
COLLECT_GCC_OPTIONS='-v' '-o' 'cmTC_ec3bb' '-mtune=generic' '-march=x86-64' '-dumpdir' 'cmTC_ec3bb.'
gmake[1]: Leaving directory '/home/swgadmin/Desktop/SWGFlurry/MMOCoreORB/CMakeFiles/CMakeScratch/TryCompile-ZtmXPU'



Parsed C implicit include dir info from above output: rv=done
  found start of include info
  found start of implicit include info
    add: [/usr/lib/gcc/x86_64-linux-gnu/12/include]
    add: [/usr/local/include]
    add: [/usr/include/x86_64-linux-gnu]
    add: [/usr/include]
  end of search list found
  collapse include dir [/usr/lib/gcc/x86_64-linux-gnu/12/include] ==> [/usr/lib/gcc/x86_64-linux-gnu/12/include]
  collapse include dir [/usr/local/include] ==> [/usr/local/include]
  collapse include dir [/usr/include/x86_64-linux-gnu] ==> [/usr/include/x86_64-linux-gnu]
  collapse include dir [/usr/include] ==> [/usr/include]
  implicit include dirs: [/usr/lib/gcc/x86_64-linux-gnu/12/include;/usr/local/include;/usr/include/x86_64-linux-gnu;/usr/include]


Parsed C implicit link information from above output:
  link line regex: [^( *|.*[/\])(ld|CMAKE_LINK_STARTFILE-NOTFOUND|([^/\]+-)?ld|collect2)[^/\]*( |$)]
  ignore line: [Change Dir: /home/swgadmin/Desktop/SWGFlurry/MMOCoreORB/CMakeFiles/CMakeScratch/TryCompile-ZtmXPU]
  ignore line: []
  ignore line: [Run Build Command(s):/usr/bin/gmake -f Makefile cmTC_ec3bb/fast && /usr/bin/gmake  -f CMakeFiles/cmTC_ec3bb.dir/build.make CMakeFiles/cmTC_ec3bb.dir/build]
  ignore line: [gmake[1]: Entering directory '/home/swgadmin/Desktop/SWGFlurry/MMOCoreORB/CMakeFiles/CMakeScratch/TryCompile-ZtmXPU']
  ignore line: [Building C object CMakeFiles/cmTC_ec3bb.dir/CMakeCCompilerABI.c.o]
  ignore line: [/usr/bin/cc   -v -o CMakeFiles/cmTC_ec3bb.dir/CMakeCCompilerABI.c.o -c /usr/share/cmake-3.25/Modules/CMakeCCompilerABI.c]
  ignore line: [Using built-in specs.]
  ignore line: [COLLECT_GCC=/usr/bin/cc]
  ignore line: [OFFLOAD_TARGET_NAMES=nvptx-none:amdgcn-amdhsa]
  ignore line: [OFFLOAD_TARGET_DEFAULT=1]
  ignore line: [Target: x86_64-linux-gnu]
  ignore line: [Configured with: ../src/configure -v --with-pkgversion='Debian 12.2.0-14+deb12u1' --with-bugurl=file:///usr/share/doc/gcc-12/README.Bugs --enable-languages=c ada c++ go d fortran objc obj-c++ m2 --prefix=/usr --with-gcc-major-version-only --program-suffix=-12 --program-prefix=x86_64-linux-gnu- --enable-shared --enable-linker-build-id --libexecdir=/usr/lib --without-included-gettext --enable-threads=posix --libdir=/usr/lib --enable-nls --enable-clocale=gnu --enable-libstdcxx-debug --enable-libstdcxx-time=yes --with-default-libstdcxx-abi=new --enable-gnu-unique-object --disable-vtable-verify --enable-plugin --enable-default-pie --with-system-zlib --enable-libphobos-checking=release --with-target-system-zlib=auto --enable-objc-gc=auto --enable-multiarch --disable-werror --enable-cet --with-arch-32=i686 --with-abi=m64 --with-multilib-list=m32 m64 mx32 --enable-multilib --with-tune=generic --enable-offload-targets=nvptx-none=/build/reproducible-path/gcc-12-12.2.0/debian/tmp-nvptx/usr amdgcn-amdhsa=/build/reproducible-path/gcc-12-12.2.0/debian/tmp-gcn/usr --enable-offload-defaulted --without-cuda-driver --enable-checking=release --build=x86_64-linux-gnu --host=x86_64-linux-gnu --target=x86_64-linux-gnu]
  ignore line: [Thread model: posix]
  ignore line: [Supported LTO compression algorithms: zlib zstd]
  ignore line: [gcc version 12.2.0 (Debian 12.2.0-14+deb12u1) ]
  ignore line: [COLLECT_GCC_OPTIONS='-v' '-o' 'CMakeFiles/cmTC_ec3bb.dir/CMakeCCompilerABI.c.o' '-c' '-mtune=generic' '-march=x86-64' '-dumpdir' 'CMakeFiles/cmTC_ec3bb.dir/']
  ignore line: [ /usr/lib/gcc/x86_64-linux-gnu/12/cc1 -quiet -v -imultiarch x86_64-linux-gnu /usr/share/cmake-3.25/Modules/CMakeCCompilerABI.c -quiet -dumpdir CMakeFiles/cmTC_ec3bb.dir/ -dumpbase CMakeCCompilerABI.c.c -dumpbase-ext .c -mtune=generic -march=x86-64 -version -fasynchronous-unwind-tables -o /tmp/ccxUJQCV.s]
  ignore line: [GNU C17 (Debian 12.2.0-14+deb12u1) version 12.2.0 (x86_64-linux-gnu)]
  ignore line: [	compiled by GNU C version 12.2.0  GMP version 6.2.1  MPFR version 4.2.0  MPC version 1.3.1  isl version isl-0.25-GMP]
  ignore line: []
  ignore line: [GGC heuristics: --param ggc-min-expand=100 --param ggc-min-heapsize=131072]
  ignore line: [ignoring nonexistent directory "/usr/local/include/x86_64-linux-gnu"]
  ignore line: [ignoring nonexistent directory "/usr/lib/gcc/x86_64-linux-gnu/12/include-fixed"]
  ignore line: [ignoring nonexistent directory "/usr/lib/gcc/x86_64-linux-gnu/12/../../../../x86_64-linux-gnu/include"]
  ignore line: [#include "..." search starts here:]
  ignore line: [#include <...> search starts here:]
  ignore line: [ /usr/lib/gcc/x86_64-linux-gnu/12/include]
  ignore line: [ /usr/local/include]
  ignore line: [ /usr/include/x86_64-linux-gnu]
  ignore line: [ /usr/include]
  ignore line: [End of search list.]
  ignore line: [GNU C17 (Debian 12.2.0-14+deb12u1) version 12.2.0 (x86_64-linux-gnu)]
  ignore line: [	compiled by GNU C version 12.2.0  GMP version 6.2.1  MPFR version 4.2.0  MPC version 1.3.1  isl version isl-0.25-GMP]
  ignore line: []
  ignore line: [GGC heuristics: --param ggc-min-expand=100 --param ggc-min-heapsize=131072]
  ignore line: [Compiler executable checksum: df5cb71f7b1353aac39c2b59ae45fa4a]
  ignore line: [COLLECT_GCC_OPTIONS='-v' '-o' 'CMakeFiles/cmTC_ec3bb.dir/CMakeCCompilerABI.c.o' '-c' '-mtune=generic' '-march=x86-64' '-dumpdir' 'CMakeFiles/cmTC_ec3bb.dir/']
  ignore line: [ as -v --64 -o CMakeFiles/cmTC_ec3bb.dir/CMakeCCompilerABI.c.o /tmp/ccxUJQCV.s]
  ignore line: [GNU assembler version 2.40 (x86_64-linux-gnu) using BFD version (GNU Binutils for Debian) 2.40]
  ignore line: [COMPILER_PATH=/usr/lib/gcc/x86_64-linux-gnu/12/:/usr/lib/gcc/x86_64-linux-gnu/12/:/usr/lib/gcc/x86_64-linux-gnu/:/usr/lib/gcc/x86_64-linux-gnu/12/:/usr/lib/gcc/x86_64-linux-gnu/]
  ignore line: [LIBRARY_PATH=/usr/lib/gcc/x86_64-linux-gnu/12/:/usr/lib/gcc/x86_64-linux-gnu/12/../../../x86_64-linux-gnu/:/usr/lib/gcc/x86_64-linux-gnu/12/../../../../lib/:/lib/x86_64-linux-gnu/:/lib/../lib/:/usr/lib/x86_64-linux-gnu/:/usr/lib/../lib/:/usr/lib/gcc/x86_64-linux-gnu/12/../../../:/lib/:/usr/lib/]
  ignore line: [COLLECT_GCC_OPTIONS='-v' '-o' 'CMakeFiles/cmTC_ec3bb.dir/CMakeCCompilerABI.c.o' '-c' '-mtune=generic' '-march=x86-64' '-dumpdir' 'CMakeFiles/cmTC_ec3bb.dir/CMakeCCompilerABI.c.']
  ignore line: [Linking C executable cmTC_ec3bb]
  ignore line: [/usr/bin/cmake -E cmake_link_script CMakeFiles/cmTC_ec3bb.dir/link.txt --verbose=1]
  ignore line: [/usr/bin/cc  -v CMakeFiles/cmTC_ec3bb.dir/CMakeCCompilerABI.c.o -o cmTC_ec3bb ]
  ignore line: [Using built-in specs.]
  ignore line: [COLLECT_GCC=/usr/bin/cc]
  ignore line: [COLLECT_LTO_WRAPPER=/usr/lib/gcc/x86_64-linux-gnu/12/lto-wrapper]
  ignore line: [OFFLOAD_TARGET_NAMES=nvptx-none:amdgcn-amdhsa]
  ignore line: [OFFLOAD_TARGET_DEFAULT=1]
  ignore line: [Target: x86_64-linux-gnu]
  ignore line: [Configured with: ../src/configure -v --with-pkgversion='Debian 12.2.0-14+deb12u1' --with-bugurl=file:///usr/share/doc/gcc-12/README.Bugs --enable-languages=c ada c++ go d fortran objc obj-c++ m2 --prefix=/usr --with-gcc-major-version-only --program-suffix=-12 --program-prefix=x86_64-linux-gnu- --enable-shared --enable-linker-build-id --libexecdir=/usr/lib --without-included-gettext --enable-threads=posix --libdir=/usr/lib --enable-nls --enable-clocale=gnu --enable-libstdcxx-debug --enable-libstdcxx-time=yes --with-default-libstdcxx-abi=new --enable-gnu-unique-object --disable-vtable-verify --enable-plugin --enable-default-pie --with-system-zlib --enable-libphobos-checking=release --with-target-system-zlib=auto --enable-objc-gc=auto --enable-multiarch --disable-werror --enable-cet --with-arch-32=i686 --with-abi=m64 --with-multilib-list=m32 m64 mx32 --enable-multilib --with-tune=generic --enable-offload-targets=nvptx-none=/build/reproducible-path/gcc-12-12.2.0/debian/tmp-nvptx/usr amdgcn-amdhsa=/build/reproducible-path/gcc-12-12.2.0/debian/tmp-gcn/usr --enable-offload-defaulted --without-cuda-driver --enable-checking=release --build=x86_64-linux-gnu --host=x86_64-linux-gnu --target=x86_64-linux-gnu]
  ignore line: [Thread model: posix]
  ignore line: [Supported LTO compression algorithms: zlib zstd]
  ignore line: [gcc version 12.2.0 (Debian 12.2.0-14+deb12u1) ]
  ignore line: [COMPILER_PATH=/usr/lib/gcc/x86_64-linux-gnu/12/:/usr/lib/gcc/x86_64-linux-gnu/12/:/usr/lib/gcc/x86_64-linux-gnu/:/usr/lib/gcc/x86_64-linux-gnu/12/:/usr/lib/gcc/x86_64-linux-gnu/]
  ignore line: [LIBRARY_PATH=/usr/lib/gcc/x86_64-linux-gnu/12/:/usr/lib/gcc/x86_64-linux-gnu/12/../../../x86_64-linux-gnu/:/usr/lib/gcc/x86_64-linux-gnu/12/../../../../lib/:/lib/x86_64-linux-gnu/:/lib/../lib/:/usr/lib/x86_64-linux-gnu/:/usr/lib/../lib/:/usr/lib/gcc/x86_64-linux-gnu/12/../../../:/lib/:/usr/lib/]
  ignore line: [COLLECT_GCC_OPTIONS='-v' '-o' 'cmTC_ec3bb' '-mtune=generic' '-march=x86-64' '-dumpdir' 'cmTC_ec3bb.']
  link line: [ /usr/lib/gcc/x86_64-linux-gnu/12/collect2 -plugin /usr/lib/gcc/x86_64-linux-gnu/12/liblto_plugin.so -plugin-opt=/usr/lib/gcc/x86_64-linux-gnu/12/lto-wrapper -plugin-opt=-fresolution=/tmp/ccEZzQee.res -plugin-opt=-pass-through=-lgcc -plugin-opt=-pass-through=-lgcc_s -plugin-opt=-pass-through=-lc -plugin-opt=-pass-through=-lgcc -plugin-opt=-pass-through=-lgcc_s --build-id --eh-frame-hdr -m elf_x86_64 --hash-style=gnu --as-needed -dynamic-linker /lib64/ld-linux-x86-64.so.2 -pie -o cmTC_ec3bb /usr/lib/gcc/x86_64-linux-gnu/12/../../../x86_64-linux-gnu/Scrt1.o /usr/lib/gcc/x86_64-linux-gnu/12/../../../x86_64-linux-gnu/crti.o /usr/lib/gcc/x86_64-linux-gnu/12/crtbeginS.o -L/usr/lib/gcc/x86_64-linux-gnu/12 -L/usr/lib/gcc/x86_64-linux-gnu/12/../../../x86_64-linux-gnu -L/usr/lib/gcc/x86_64-linux-gnu/12/../../../../lib -L/lib/x86_64-linux-gnu -L/lib/../lib -L/usr/lib/x86_64-linux-gnu -L/usr/lib/../lib -L/usr/lib/gcc/x86_64-linux-gnu/12/../../.. CMakeFiles/cmTC_ec3bb.dir/CMakeCCompilerABI.c.o -lgcc --push-state --as-needed -lgcc_s --pop-state -lc -lgcc --push-state --as-needed -lgcc_s --pop-state /usr/lib/gcc/x86_64-linux-gnu/12/crtendS.o /usr/lib/gcc/x86_64-linux-gnu/12/../../../x86_64-linux-gnu/crtn.o]
    arg [/usr/lib/gcc/x86_64-linux-gnu/12/collect2] ==> ignore
    arg [-plugin] ==> ignore
    arg [/usr/lib/gcc/x86_64-linux-gnu/12/liblto_plugin.so] ==> ignore
    arg [-plugin-opt=/usr/lib/gcc/x86_64-linux-gnu/12/lto-wrapper] ==> ignore
    arg [-plugin-opt=-fresolution=/tmp/ccEZzQee.res] ==> ignore
    arg [-plugin-opt=-pass-through=-lgcc] ==> ignore
    arg [-plugin-opt=-pass-through=-lgcc_s] ==> ignore
    arg [-plugin-opt=-pass-through=-lc] ==> ignore
    arg [-plugin-opt=-pass-through=-lgcc] ==> ignore
    arg [-plugin-opt=-pass-through=-lgcc_s] ==> ignore
    arg [--build-id] ==> ignore
    arg [--eh-frame-hdr] ==> ignore
    arg [-m] ==> ignore
    arg [elf_x86_64] ==> ignore
    arg [--hash-style=gnu] ==> ignore
    arg [--as-needed] ==> ignore
    arg [-dynamic-linker] ==> ignore
    arg [/lib64/ld-linux-x86-64.so.2] ==> ignore
    arg [-pie] ==> ignore
    arg [-o] ==> ignore
    arg [cmTC_ec3bb] ==> ignore
    arg [/usr/lib/gcc/x86_64-linux-gnu/12/../../../x86_64-linux-gnu/Scrt1.o] ==> obj [/usr/lib/gcc/x86_64-linux-gnu/12/../../../x86_64-linux-gnu/Scrt1.o]
    arg [/usr/lib/gcc/x86_64-linux-gnu/12/../../../x86_64-linux-gnu/crti.o] ==> obj [/usr/lib/gcc/x86_64-linux-gnu/12/../../../x86_64-linux-gnu/crti.o]
    arg [/usr/lib/gcc/x86_64-linux-gnu/12/crtbeginS.o] ==> obj [/usr/lib/gcc/x86_64-linux-gnu/12/crtbeginS.o]
    arg [-L/usr/lib/gcc/x86_64-linux-gnu/12] ==> dir [/usr/lib/gcc/x86_64-linux-gnu/12]
    arg [-L/usr/lib/gcc/x86_64-linux-gnu/12/../../../x86_64-linux-gnu] ==> dir [/usr/lib/gcc/x86_64-linux-gnu/12/../../../x86_64-linux-gnu]
    arg [-L/usr/lib/gcc/x86_64-linux-gnu/12/../../../../lib] ==> dir [/usr/lib/gcc/x86_64-linux-gnu/12/../../../../lib]
    arg [-L/lib/x86_64-linux-gnu] ==> dir [/lib/x86_64-linux-gnu]
    arg [-L/lib/../lib] ==> dir [/lib/../lib]
    arg [-L/usr/lib/x86_64-linux-gnu] ==> dir [/usr/lib/x86_64-linux-gnu]
    arg [-L/usr/lib/../lib] ==> dir [/usr/lib/../lib]
    arg [-L/usr/lib/gcc/x86_64-linux-gnu/12/../../..] ==> dir [/usr/lib/gcc/x86_64-linux-gnu/12/../../..]
    arg [CMakeFiles/cmTC_ec3bb.dir/CMakeCCompilerABI.c.o] ==> ignore
    arg [-lgcc] ==> lib [gcc]
    arg [--push-state] ==> ignore
    arg [--as-needed] ==> ignore
    arg [-lgcc_s] ==> lib [gcc_s]
    arg [--pop-state] ==> ignore
    arg [-lc] ==> lib [c]
    arg [-lgcc] ==> lib [gcc]
    arg [--push-state] ==> ignore
    arg [--as-needed] ==> ignore
    arg [-lgcc_s] ==> lib [gcc_s]
    arg [--pop-state] ==> ignore
    arg [/usr/lib/gcc/x86_64-linux-gnu/12/crtendS.o] ==> obj [/usr/lib/gcc/x86_64-linux-gnu/12/crtendS.o]
    arg [/usr/lib/gcc/x86_64-linux-gnu/12/../../../x86_64-linux-gnu/crtn.o] ==> obj [/usr/lib/gcc/x86_64-linux-gnu/12/../../../x86_64-linux-gnu/crtn.o]
  collapse obj [/usr/lib/gcc/x86_64-linux-gnu/12/../../../x86_64-linux-gnu/Scrt1.o] ==> [/usr/lib/x86_64-linux-gnu/Scrt1.o]
  collapse obj [/usr/lib/gcc/x86_64-linux-gnu/12/../../../x86_64-linux-gnu/crti.o] ==> [/usr/lib/x86_64-linux-gnu/crti.o]
  collapse obj [/usr/lib/gcc/x86_64-linux-gnu/12/../../../x86_64-linux-gnu/crtn.o] ==> [/usr/lib/x86_64-linux-gnu/crtn.o]
  collapse library dir [/usr/lib/gcc/x86_64-linux-gnu/12] ==> [/usr/lib/gcc/x86_64-linux-gnu/12]
  collapse library dir [/usr/lib/gcc/x86_64-linux-gnu/12/../../../x86_64-linux-gnu] ==> [/usr/lib/x86_64-linux-gnu]
  collapse library dir [/usr/lib/gcc/x86_64-linux-gnu/12/../../../../lib] ==> [/usr/lib]
  collapse library dir [/lib/x86_64-linux-gnu] ==> [/lib/x86_64-linux-gnu]
  collapse library dir [/lib/../lib] ==> [/lib]
  collapse library dir [/usr/lib/x86_64-linux-gnu] ==> [/usr/lib/x86_64-linux-gnu]
  collapse library dir [/usr/lib/../lib] ==> [/usr/lib]
  collapse library dir [/usr/lib/gcc/x86_64-linux-gnu/12/../../..] ==> [/usr/lib]
  implicit libs: [gcc;gcc_s;c;gcc;gcc_s]
  implicit objs: [/usr/lib/x86_64-linux-gnu/Scrt1.o;/usr/lib/x86_64-linux-gnu/crti.o;/usr/lib/gcc/x86_64-linux-gnu/12/crtbeginS.o;/usr/lib/gcc/x86_64-linux-gnu/12/crtendS.o;/usr/lib/x86_64-linux-gnu/crtn.o]
  implicit dirs: [/usr/lib/gcc/x86_64-linux-gnu/12;/usr/lib/x86_64-linux-gnu;/usr/lib;/lib/x86_64-linux-gnu;/lib]
  implicit fwks: []


Performing C SOURCE FILE Test CMAKE_HAVE_LIBC_PTHREAD succeeded with the following output:
Change Dir: /home/swgadmin/Desktop/SWGFlurry/MMOCoreORB/CMakeFiles/CMakeScratch/TryCompile-zBeuso

Run Build Command(s):/usr/bin/gmake -f Makefile cmTC_47fcc/fast && /usr/bin/gmake  -f CMakeFiles/cmTC_47fcc.dir/build.make CMakeFiles/cmTC_47fcc.dir/build
gmake[1]: Entering directory '/home/swgadmin/Desktop/SWGFlurry/MMOCoreORB/CMakeFiles/CMakeScratch/TryCompile-zBeuso'
Building C object CMakeFiles/cmTC_47fcc.dir/src.c.o
/usr/bin/cc -DCMAKE_HAVE_LIBC_PTHREAD   -o CMakeFiles/cmTC_47fcc.dir/src.c.o -c /home/swgadmin/Desktop/SWGFlurry/MMOCoreORB/CMakeFiles/CMakeScratch/TryCompile-zBeuso/src.c
Linking C executable cmTC_47fcc
/usr/bin/cmake -E cmake_link_script CMakeFiles/cmTC_47fcc.dir/link.txt --verbose=1
/usr/bin/cc CMakeFiles/cmTC_47fcc.dir/src.c.o -o cmTC_47fcc 
gmake[1]: Leaving directory '/home/swgadmin/Desktop/SWGFlurry/MMOCoreORB/CMakeFiles/CMakeScratch/TryCompile-zBeuso'


Source file was:
#include <pthread.h>

static void* test_func(void* data)
{
  return data;
}

int main(void)
{
  pthread_t thread;
  pthread_create(&thread, NULL, test_func, NULL);
  pthread_detach(thread);
  pthread_cancel(thread);
  pthread_join(thread, NULL);
  pthread_atfork(NULL, NULL, NULL);
  pthread_exit(NULL);

  return 0;
}


Performing C++ SOURCE FILE Test CxxFlag-Wall succeeded with the following output:
Change Dir: /home/swgadmin/Desktop/SWGFlurry/MMOCoreORB/CMakeFiles/CMakeScratch/TryCompile-jhXITs

Run Build Command(s):/usr/bin/gmake -f Makefile cmTC_b83d3/fast && /usr/bin/gmake  -f CMakeFiles/cmTC_b83d3.dir/build.make CMakeFiles/cmTC_b83d3.dir/build
gmake[1]: Entering directory '/home/swgadmin/Desktop/SWGFlurry/MMOCoreORB/CMakeFiles/CMakeScratch/TryCompile-jhXITs'
Building CXX object CMakeFiles/cmTC_b83d3.dir/src.cxx.o
/usr/bin/c++   -fpermissive -fcommon -w    -DCxxFlag-Wall -Wall -o CMakeFiles/cmTC_b83d3.dir/src.cxx.o -c /home/swgadmin/Desktop/SWGFlurry/MMOCoreORB/CMakeFiles/CMakeScratch/TryCompile-jhXITs/src.cxx
Linking CXX executable cmTC_b83d3
/usr/bin/cmake -E cmake_link_script CMakeFiles/cmTC_b83d3.dir/link.txt --verbose=1
/usr/bin/c++ -fpermissive -fcommon -w  CMakeFiles/cmTC_b83d3.dir/src.cxx.o -o cmTC_b83d3 
gmake[1]: Leaving directory '/home/swgadmin/Desktop/SWGFlurry/MMOCoreORB/CMakeFiles/CMakeScratch/TryCompile-jhXITs'


Source file was:
int main() { return 0; }

Performing C++ SOURCE FILE Test CxxFlag-Wextra succeeded with the following output:
Change Dir: /home/swgadmin/Desktop/SWGFlurry/MMOCoreORB/CMakeFiles/CMakeScratch/TryCompile-e1rlOS

Run Build Command(s):/usr/bin/gmake -f Makefile cmTC_ed92b/fast && /usr/bin/gmake  -f CMakeFiles/cmTC_ed92b.dir/build.make CMakeFiles/cmTC_ed92b.dir/build
gmake[1]: Entering directory '/home/swgadmin/Desktop/SWGFlurry/MMOCoreORB/CMakeFiles/CMakeScratch/TryCompile-e1rlOS'
Building CXX object CMakeFiles/cmTC_ed92b.dir/src.cxx.o
/usr/bin/c++   -fpermissive -fcommon -w -Wall    -DCxxFlag-Wextra -Wextra -o CMakeFiles/cmTC_ed92b.dir/src.cxx.o -c /home/swgadmin/Desktop/SWGFlurry/MMOCoreORB/CMakeFiles/CMakeScratch/TryCompile-e1rlOS/src.cxx
Linking CXX executable cmTC_ed92b
/usr/bin/cmake -E cmake_link_script CMakeFiles/cmTC_ed92b.dir/link.txt --verbose=1
/usr/bin/c++ -fpermissive -fcommon -w -Wall  CMakeFiles/cmTC_ed92b.dir/src.cxx.o -o cmTC_ed92b 
gmake[1]: Leaving directory '/home/swgadmin/Desktop/SWGFlurry/MMOCoreORB/CMakeFiles/CMakeScratch/TryCompile-e1rlOS'


Source file was:
int main() { return 0; }

Performing C++ SOURCE FILE Test CxxFlag-Wno-unused succeeded with the following output:
Change Dir: /home/swgadmin/Desktop/SWGFlurry/MMOCoreORB/CMakeFiles/CMakeScratch/TryCompile-xTAkZw

Run Build Command(s):/usr/bin/gmake -f Makefile cmTC_a4d68/fast && /usr/bin/gmake  -f CMakeFiles/cmTC_a4d68.dir/build.make CMakeFiles/cmTC_a4d68.dir/build
gmake[1]: Entering directory '/home/swgadmin/Desktop/SWGFlurry/MMOCoreORB/CMakeFiles/CMakeScratch/TryCompile-xTAkZw'
Building CXX object CMakeFiles/cmTC_a4d68.dir/src.cxx.o
/usr/bin/c++   -fpermissive -fcommon -w -Wall -Wextra    -DCxxFlag-Wno-unused -Wno-unused -o CMakeFiles/cmTC_a4d68.dir/src.cxx.o -c /home/swgadmin/Desktop/SWGFlurry/MMOCoreORB/CMakeFiles/CMakeScratch/TryCompile-xTAkZw/src.cxx
Linking CXX executable cmTC_a4d68
/usr/bin/cmake -E cmake_link_script CMakeFiles/cmTC_a4d68.dir/link.txt --verbose=1
/usr/bin/c++ -fpermissive -fcommon -w -Wall -Wextra  CMakeFiles/cmTC_a4d68.dir/src.cxx.o -o cmTC_a4d68 
gmake[1]: Leaving directory '/home/swgadmin/Desktop/SWGFlurry/MMOCoreORB/CMakeFiles/CMakeScratch/TryCompile-xTAkZw'


Source file was:
int main() { return 0; }

Performing C++ SOURCE FILE Test CxxFlag-Wno-sign-compare succeeded with the following output:
Change Dir: /home/swgadmin/Desktop/SWGFlurry/MMOCoreORB/CMakeFiles/CMakeScratch/TryCompile-exLd8g

Run Build Command(s):/usr/bin/gmake -f Makefile cmTC_08a51/fast && /usr/bin/gmake  -f CMakeFiles/cmTC_08a51.dir/build.make CMakeFiles/cmTC_08a51.dir/build
gmake[1]: Entering directory '/home/swgadmin/Desktop/SWGFlurry/MMOCoreORB/CMakeFiles/CMakeScratch/TryCompile-exLd8g'
Building CXX object CMakeFiles/cmTC_08a51.dir/src.cxx.o
/usr/bin/c++   -fpermissive -fcommon -w -Wall -Wextra -Wno-unused    -DCxxFlag-Wno-sign-compare -Wno-sign-compare -o CMakeFiles/cmTC_08a51.dir/src.cxx.o -c /home/swgadmin/Desktop/SWGFlurry/MMOCoreORB/CMakeFiles/CMakeScratch/TryCompile-exLd8g/src.cxx
Linking CXX executable cmTC_08a51
/usr/bin/cmake -E cmake_link_script CMakeFiles/cmTC_08a51.dir/link.txt --verbose=1
/usr/bin/c++ -fpermissive -fcommon -w -Wall -Wextra -Wno-unused  CMakeFiles/cmTC_08a51.dir/src.cxx.o -o cmTC_08a51 
gmake[1]: Leaving directory '/home/swgadmin/Desktop/SWGFlurry/MMOCoreORB/CMakeFiles/CMakeScratch/TryCompile-exLd8g'


Source file was:
int main() { return 0; }

Performing C++ SOURCE FILE Test CxxFlag-Wno-multichar succeeded with the following output:
Change Dir: /home/swgadmin/Desktop/SWGFlurry/MMOCoreORB/CMakeFiles/CMakeScratch/TryCompile-ustjNt

Run Build Command(s):/usr/bin/gmake -f Makefile cmTC_2e895/fast && /usr/bin/gmake  -f CMakeFiles/cmTC_2e895.dir/build.make CMakeFiles/cmTC_2e895.dir/build
gmake[1]: Entering directory '/home/swgadmin/Desktop/SWGFlurry/MMOCoreORB/CMakeFiles/CMakeScratch/TryCompile-ustjNt'
Building CXX object CMakeFiles/cmTC_2e895.dir/src.cxx.o
/usr/bin/c++   -fpermissive -fcommon -w -Wall -Wextra -Wno-unused -Wno-sign-compare    -DCxxFlag-Wno-multichar -Wno-multichar -o CMakeFiles/cmTC_2e895.dir/src.cxx.o -c /home/swgadmin/Desktop/SWGFlurry/MMOCoreORB/CMakeFiles/CMakeScratch/TryCompile-ustjNt/src.cxx
Linking CXX executable cmTC_2e895
/usr/bin/cmake -E cmake_link_script CMakeFiles/cmTC_2e895.dir/link.txt --verbose=1
/usr/bin/c++ -fpermissive -fcommon -w -Wall -Wextra -Wno-unused -Wno-sign-compare  CMakeFiles/cmTC_2e895.dir/src.cxx.o -o cmTC_2e895 
gmake[1]: Leaving directory '/home/swgadmin/Desktop/SWGFlurry/MMOCoreORB/CMakeFiles/CMakeScratch/TryCompile-ustjNt'


Source file was:
int main() { return 0; }

Performing C++ SOURCE FILE Test CxxFlag-Wno-unused-parameter succeeded with the following output:
Change Dir: /home/swgadmin/Desktop/SWGFlurry/MMOCoreORB/CMakeFiles/CMakeScratch/TryCompile-OWYF6p

Run Build Command(s):/usr/bin/gmake -f Makefile cmTC_1951a/fast && /usr/bin/gmake  -f CMakeFiles/cmTC_1951a.dir/build.make CMakeFiles/cmTC_1951a.dir/build
gmake[1]: Entering directory '/home/swgadmin/Desktop/SWGFlurry/MMOCoreORB/CMakeFiles/CMakeScratch/TryCompile-OWYF6p'
Building CXX object CMakeFiles/cmTC_1951a.dir/src.cxx.o
/usr/bin/c++   -fpermissive -fcommon -w -Wall -Wextra -Wno-unused -Wno-sign-compare -Wno-multichar    -DCxxFlag-Wno-unused-parameter -Wno-unused-parameter -o CMakeFiles/cmTC_1951a.dir/src.cxx.o -c /home/swgadmin/Desktop/SWGFlurry/MMOCoreORB/CMakeFiles/CMakeScratch/TryCompile-OWYF6p/src.cxx
Linking CXX executable cmTC_1951a
/usr/bin/cmake -E cmake_link_script CMakeFiles/cmTC_1951a.dir/link.txt --verbose=1
/usr/bin/c++ -fpermissive -fcommon -w -Wall -Wextra -Wno-unused -Wno-sign-compare -Wno-multichar  CMakeFiles/cmTC_1951a.dir/src.cxx.o -o cmTC_1951a 
gmake[1]: Leaving directory '/home/swgadmin/Desktop/SWGFlurry/MMOCoreORB/CMakeFiles/CMakeScratch/TryCompile-OWYF6p'


Source file was:
int main() { return 0; }

Performing C++ SOURCE FILE Test CxxFlag-Wno-overloaded-virtual succeeded with the following output:
Change Dir: /home/swgadmin/Desktop/SWGFlurry/MMOCoreORB/CMakeFiles/CMakeScratch/TryCompile-oMHB1d

Run Build Command(s):/usr/bin/gmake -f Makefile cmTC_923c6/fast && /usr/bin/gmake  -f CMakeFiles/cmTC_923c6.dir/build.make CMakeFiles/cmTC_923c6.dir/build
gmake[1]: Entering directory '/home/swgadmin/Desktop/SWGFlurry/MMOCoreORB/CMakeFiles/CMakeScratch/TryCompile-oMHB1d'
Building CXX object CMakeFiles/cmTC_923c6.dir/src.cxx.o
/usr/bin/c++   -fpermissive -fcommon -w -Wall -Wextra -Wno-unused -Wno-sign-compare -Wno-multichar -Wno-unused-parameter    -DCxxFlag-Wno-overloaded-virtual -Wno-overloaded-virtual -o CMakeFiles/cmTC_923c6.dir/src.cxx.o -c /home/swgadmin/Desktop/SWGFlurry/MMOCoreORB/CMakeFiles/CMakeScratch/TryCompile-oMHB1d/src.cxx
Linking CXX executable cmTC_923c6
/usr/bin/cmake -E cmake_link_script CMakeFiles/cmTC_923c6.dir/link.txt --verbose=1
/usr/bin/c++ -fpermissive -fcommon -w -Wall -Wextra -Wno-unused -Wno-sign-compare -Wno-multichar -Wno-unused-parameter  CMakeFiles/cmTC_923c6.dir/src.cxx.o -o cmTC_923c6 
gmake[1]: Leaving directory '/home/swgadmin/Desktop/SWGFlurry/MMOCoreORB/CMakeFiles/CMakeScratch/TryCompile-oMHB1d'


Source file was:
int main() { return 0; }

Performing C++ SOURCE FILE Test CxxFlag-Wno-missing-declarations succeeded with the following output:
Change Dir: /home/swgadmin/Desktop/SWGFlurry/MMOCoreORB/CMakeFiles/CMakeScratch/TryCompile-rBM1K4

Run Build Command(s):/usr/bin/gmake -f Makefile cmTC_a039e/fast && /usr/bin/gmake  -f CMakeFiles/cmTC_a039e.dir/build.make CMakeFiles/cmTC_a039e.dir/build
gmake[1]: Entering directory '/home/swgadmin/Desktop/SWGFlurry/MMOCoreORB/CMakeFiles/CMakeScratch/TryCompile-rBM1K4'
Building CXX object CMakeFiles/cmTC_a039e.dir/src.cxx.o
/usr/bin/c++   -fpermissive -fcommon -w -Wall -Wextra -Wno-unused -Wno-sign-compare -Wno-multichar -Wno-unused-parameter -Wno-overloaded-virtual    -DCxxFlag-Wno-missing-declarations -Wno-missing-declarations -o CMakeFiles/cmTC_a039e.dir/src.cxx.o -c /home/swgadmin/Desktop/SWGFlurry/MMOCoreORB/CMakeFiles/CMakeScratch/TryCompile-rBM1K4/src.cxx
Linking CXX executable cmTC_a039e
/usr/bin/cmake -E cmake_link_script CMakeFiles/cmTC_a039e.dir/link.txt --verbose=1
/usr/bin/c++ -fpermissive -fcommon -w -Wall -Wextra -Wno-unused -Wno-sign-compare -Wno-multichar -Wno-unused-parameter -Wno-overloaded-virtual  CMakeFiles/cmTC_a039e.dir/src.cxx.o -o cmTC_a039e 
gmake[1]: Leaving directory '/home/swgadmin/Desktop/SWGFlurry/MMOCoreORB/CMakeFiles/CMakeScratch/TryCompile-rBM1K4'


Source file was:
int main() { return 0; }

Performing C++ SOURCE FILE Test CxxFlag-Wno-return-std-move succeeded with the following output:
Change Dir: /home/swgadmin/Desktop/SWGFlurry/MMOCoreORB/CMakeFiles/CMakeScratch/TryCompile-yFd2Zr

Run Build Command(s):/usr/bin/gmake -f Makefile cmTC_763b3/fast && /usr/bin/gmake  -f CMakeFiles/cmTC_763b3.dir/build.make CMakeFiles/cmTC_763b3.dir/build
gmake[1]: Entering directory '/home/swgadmin/Desktop/SWGFlurry/MMOCoreORB/CMakeFiles/CMakeScratch/TryCompile-yFd2Zr'
Building CXX object CMakeFiles/cmTC_763b3.dir/src.cxx.o
/usr/bin/c++   -fpermissive -fcommon -w -Wall -Wextra -Wno-unused -Wno-sign-compare -Wno-multichar -Wno-unused-parameter -Wno-overloaded-virtual -Wno-missing-declarations    -DCxxFlag-Wno-return-std-move -Wno-return-std-move -o CMakeFiles/cmTC_763b3.dir/src.cxx.o -c /home/swgadmin/Desktop/SWGFlurry/MMOCoreORB/CMakeFiles/CMakeScratch/TryCompile-yFd2Zr/src.cxx
Linking CXX executable cmTC_763b3
/usr/bin/cmake -E cmake_link_script CMakeFiles/cmTC_763b3.dir/link.txt --verbose=1
/usr/bin/c++ -fpermissive -fcommon -w -Wall -Wextra -Wno-unused -Wno-sign-compare -Wno-multichar -Wno-unused-parameter -Wno-overloaded-virtual -Wno-missing-declarations  CMakeFiles/cmTC_763b3.dir/src.cxx.o -o cmTC_763b3 
gmake[1]: Leaving directory '/home/swgadmin/Desktop/SWGFlurry/MMOCoreORB/CMakeFiles/CMakeScratch/TryCompile-yFd2Zr'


Source file was:
int main() { return 0; }

Performing C++ SOURCE FILE Test CxxFlag-Wno-implicit-fallthrough succeeded with the following output:
Change Dir: /home/swgadmin/Desktop/SWGFlurry/MMOCoreORB/CMakeFiles/CMakeScratch/TryCompile-PBMAdv

Run Build Command(s):/usr/bin/gmake -f Makefile cmTC_dfca4/fast && /usr/bin/gmake  -f CMakeFiles/cmTC_dfca4.dir/build.make CMakeFiles/cmTC_dfca4.dir/build
gmake[1]: Entering directory '/home/swgadmin/Desktop/SWGFlurry/MMOCoreORB/CMakeFiles/CMakeScratch/TryCompile-PBMAdv'
Building CXX object CMakeFiles/cmTC_dfca4.dir/src.cxx.o
/usr/bin/c++   -fpermissive -fcommon -w -Wall -Wextra -Wno-unused -Wno-sign-compare -Wno-multichar -Wno-unused-parameter -Wno-overloaded-virtual -Wno-missing-declarations -Wno-return-std-move    -DCxxFlag-Wno-implicit-fallthrough -Wno-implicit-fallthrough -o CMakeFiles/cmTC_dfca4.dir/src.cxx.o -c /home/swgadmin/Desktop/SWGFlurry/MMOCoreORB/CMakeFiles/CMakeScratch/TryCompile-PBMAdv/src.cxx
Linking CXX executable cmTC_dfca4
/usr/bin/cmake -E cmake_link_script CMakeFiles/cmTC_dfca4.dir/link.txt --verbose=1
/usr/bin/c++ -fpermissive -fcommon -w -Wall -Wextra -Wno-unused -Wno-sign-compare -Wno-multichar -Wno-unused-parameter -Wno-overloaded-virtual -Wno-missing-declarations -Wno-return-std-move  CMakeFiles/cmTC_dfca4.dir/src.cxx.o -o cmTC_dfca4 
gmake[1]: Leaving directory '/home/swgadmin/Desktop/SWGFlurry/MMOCoreORB/CMakeFiles/CMakeScratch/TryCompile-PBMAdv'


Source file was:
int main() { return 0; }

Performing C++ SOURCE FILE Test CxxFlag-Wno-class-memaccess succeeded with the following output:
Change Dir: /home/swgadmin/Desktop/SWGFlurry/MMOCoreORB/CMakeFiles/CMakeScratch/TryCompile-rDeX78

Run Build Command(s):/usr/bin/gmake -f Makefile cmTC_dbeda/fast && /usr/bin/gmake  -f CMakeFiles/cmTC_dbeda.dir/build.make CMakeFiles/cmTC_dbeda.dir/build
gmake[1]: Entering directory '/home/swgadmin/Desktop/SWGFlurry/MMOCoreORB/CMakeFiles/CMakeScratch/TryCompile-rDeX78'
Building CXX object CMakeFiles/cmTC_dbeda.dir/src.cxx.o
/usr/bin/c++   -fpermissive -fcommon -w -Wall -Wextra -Wno-unused -Wno-sign-compare -Wno-multichar -Wno-unused-parameter -Wno-overloaded-virtual -Wno-missing-declarations -Wno-return-std-move -Wno-implicit-fallthrough    -DCxxFlag-Wno-class-memaccess -Wno-class-memaccess -o CMakeFiles/cmTC_dbeda.dir/src.cxx.o -c /home/swgadmin/Desktop/SWGFlurry/MMOCoreORB/CMakeFiles/CMakeScratch/TryCompile-rDeX78/src.cxx
Linking CXX executable cmTC_dbeda
/usr/bin/cmake -E cmake_link_script CMakeFiles/cmTC_dbeda.dir/link.txt --verbose=1
/usr/bin/c++ -fpermissive -fcommon -w -Wall -Wextra -Wno-unused -Wno-sign-compare -Wno-multichar -Wno-unused-parameter -Wno-overloaded-virtual -Wno-missing-declarations -Wno-return-std-move -Wno-implicit-fallthrough  CMakeFiles/cmTC_dbeda.dir/src.cxx.o -o cmTC_dbeda 
gmake[1]: Leaving directory '/home/swgadmin/Desktop/SWGFlurry/MMOCoreORB/CMakeFiles/CMakeScratch/TryCompile-rDeX78'


Source file was:
int main() { return 0; }

Performing C++ SOURCE FILE Test CxxFlag-Wno-deprecated-copy succeeded with the following output:
Change Dir: /home/swgadmin/Desktop/SWGFlurry/MMOCoreORB/CMakeFiles/CMakeScratch/TryCompile-i2Tquy

Run Build Command(s):/usr/bin/gmake -f Makefile cmTC_9d16f/fast && /usr/bin/gmake  -f CMakeFiles/cmTC_9d16f.dir/build.make CMakeFiles/cmTC_9d16f.dir/build
gmake[1]: Entering directory '/home/swgadmin/Desktop/SWGFlurry/MMOCoreORB/CMakeFiles/CMakeScratch/TryCompile-i2Tquy'
Building CXX object CMakeFiles/cmTC_9d16f.dir/src.cxx.o
/usr/bin/c++   -fpermissive -fcommon -w -Wall -Wextra -Wno-unused -Wno-sign-compare -Wno-multichar -Wno-unused-parameter -Wno-overloaded-virtual -Wno-missing-declarations -Wno-return-std-move -Wno-implicit-fallthrough -Wno-class-memaccess    -DCxxFlag-Wno-deprecated-copy -Wno-deprecated-copy -o CMakeFiles/cmTC_9d16f.dir/src.cxx.o -c /home/swgadmin/Desktop/SWGFlurry/MMOCoreORB/CMakeFiles/CMakeScratch/TryCompile-i2Tquy/src.cxx
Linking CXX executable cmTC_9d16f
/usr/bin/cmake -E cmake_link_script CMakeFiles/cmTC_9d16f.dir/link.txt --verbose=1
/usr/bin/c++ -fpermissive -fcommon -w -Wall -Wextra -Wno-unused -Wno-sign-compare -Wno-multichar -Wno-unused-parameter -Wno-overloaded-virtual -Wno-missing-declarations -Wno-return-std-move -Wno-implicit-fallthrough -Wno-class-memaccess  CMakeFiles/cmTC_9d16f.dir/src.cxx.o -o cmTC_9d16f 
gmake[1]: Leaving directory '/home/swgadmin/Desktop/SWGFlurry/MMOCoreORB/CMakeFiles/CMakeScratch/TryCompile-i2Tquy'


Source file was:
int main() { return 0; }

Performing C++ SOURCE FILE Test CxxFlagMnative succeeded with the following output:
Change Dir: /home/swgadmin/Desktop/SWGFlurry/MMOCoreORB/CMakeFiles/CMakeScratch/TryCompile-4LLoDH

Run Build Command(s):/usr/bin/gmake -f Makefile cmTC_c34f7/fast && /usr/bin/gmake  -f CMakeFiles/cmTC_c34f7.dir/build.make CMakeFiles/cmTC_c34f7.dir/build
gmake[1]: Entering directory '/home/swgadmin/Desktop/SWGFlurry/MMOCoreORB/CMakeFiles/CMakeScratch/TryCompile-4LLoDH'
Building CXX object CMakeFiles/cmTC_c34f7.dir/src.cxx.o
/usr/bin/c++ -DCxxFlagMnative  -fpermissive -fcommon -w -Wall -Wextra -Wno-unused -Wno-sign-compare -Wno-multichar -Wno-unused-parameter -Wno-overloaded-virtual -Wno-missing-declarations -Wno-return-std-move -Wno-implicit-fallthrough -Wno-class-memaccess -Wno-deprecated-copy    -march=native -o CMakeFiles/cmTC_c34f7.dir/src.cxx.o -c /home/swgadmin/Desktop/SWGFlurry/MMOCoreORB/CMakeFiles/CMakeScratch/TryCompile-4LLoDH/src.cxx
Linking CXX executable cmTC_c34f7
/usr/bin/cmake -E cmake_link_script CMakeFiles/cmTC_c34f7.dir/link.txt --verbose=1
/usr/bin/c++ -fpermissive -fcommon -w -Wall -Wextra -Wno-unused -Wno-sign-compare -Wno-multichar -Wno-unused-parameter -Wno-overloaded-virtual -Wno-missing-declarations -Wno-return-std-move -Wno-implicit-fallthrough -Wno-class-memaccess -Wno-deprecated-copy  CMakeFiles/cmTC_c34f7.dir/src.cxx.o -o cmTC_c34f7 
gmake[1]: Leaving directory '/home/swgadmin/Desktop/SWGFlurry/MMOCoreORB/CMakeFiles/CMakeScratch/TryCompile-4LLoDH'


Source file was:
int main() { return 0; }

Performing C++ SOURCE FILE Test CxxFlagFramePointer succeeded with the following output:
Change Dir: /home/swgadmin/Desktop/SWGFlurry/MMOCoreORB/CMakeFiles/CMakeScratch/TryCompile-rwKozX

Run Build Command(s):/usr/bin/gmake -f Makefile cmTC_48b58/fast && /usr/bin/gmake  -f CMakeFiles/cmTC_48b58.dir/build.make CMakeFiles/cmTC_48b58.dir/build
gmake[1]: Entering directory '/home/swgadmin/Desktop/SWGFlurry/MMOCoreORB/CMakeFiles/CMakeScratch/TryCompile-rwKozX'
Building CXX object CMakeFiles/cmTC_48b58.dir/src.cxx.o
/usr/bin/c++ -DCxxFlagFramePointer  -fpermissive -fcommon -w -Wall -Wextra -Wno-unused -Wno-sign-compare -Wno-multichar -Wno-unused-parameter -Wno-overloaded-virtual -Wno-missing-declarations -Wno-return-std-move -Wno-implicit-fallthrough -Wno-class-memaccess -Wno-deprecated-copy -march=native    -fno-omit-frame-pointer -o CMakeFiles/cmTC_48b58.dir/src.cxx.o -c /home/swgadmin/Desktop/SWGFlurry/MMOCoreORB/CMakeFiles/CMakeScratch/TryCompile-rwKozX/src.cxx
Linking CXX executable cmTC_48b58
/usr/bin/cmake -E cmake_link_script CMakeFiles/cmTC_48b58.dir/link.txt --verbose=1
/usr/bin/c++ -fpermissive -fcommon -w -Wall -Wextra -Wno-unused -Wno-sign-compare -Wno-multichar -Wno-unused-parameter -Wno-overloaded-virtual -Wno-missing-declarations -Wno-return-std-move -Wno-implicit-fallthrough -Wno-class-memaccess -Wno-deprecated-copy -march=native  CMakeFiles/cmTC_48b58.dir/src.cxx.o -o cmTC_48b58 
gmake[1]: Leaving directory '/home/swgadmin/Desktop/SWGFlurry/MMOCoreORB/CMakeFiles/CMakeScratch/TryCompile-rwKozX'


Source file was:
int main() { return 0; }

